../Src/gpio.c:79:6:gpio_init	8	static
../Src/gpio.c:115:6:gpio_button_is_pressed	16	static
../Src/gpio.c:133:6:gpio_set_pin	16	static
../Src/gpio.c:138:6:gpio_clear_pin	16	static
../Src/gpio.c:143:13:gpio_read_pin_input	16	static
../Src/gpio.c:148:13:gpio_enable_port_clock	16	static
../Src/gpio.c:153:13:gpio_set_pin_mode	16	static
../Src/gpio.c:161:1:gpio_set_pin_alternate_function	16	static
../Src/gpio.c:185:13:gpio_set_pin_ospeed	16	static
../Src/gpio.c:193:13:gpio_set_pin_otype	16	static
../Src/gpio.c:205:13:gpio_set_pin_pupd	16	static
