../Src/gpio.c:79:6:gpio_init	8	static
../Src/gpio.c:126:6:gpio_button_is_pressed	16	static
../Src/gpio.c:144:6:gpio_set_pin	16	static
../Src/gpio.c:149:6:gpio_clear_pin	16	static
../Src/gpio.c:154:13:gpio_read_pin_input	16	static
../Src/gpio.c:159:13:gpio_enable_port_clock	16	static
../Src/gpio.c:164:13:gpio_set_pin_mode	16	static
../Src/gpio.c:172:1:gpio_set_pin_alternate_function	16	static
../Src/gpio.c:196:13:gpio_set_pin_ospeed	16	static
../Src/gpio.c:204:13:gpio_set_pin_otype	16	static
../Src/gpio.c:216:13:gpio_set_pin_pupd	16	static
